MO CMP NULL CMP.v vlg5C/_c_m_p.bin 1545219078
MO DM NULL DM.v vlg21/_d_m.bin 1545219078
MO IM NULL IM.v vlg3A/_i_m.bin 1545219078
MO D NULL D.v vlg44/_d.bin 1545219078
MO E NULL E.v vlg45/_e.bin 1545219078
MO M NULL M.v vlg4D/_m.bin 1545219078
MO PC NULL pc.v vlg53/_p_c.bin 1545219078
MO W NULL W.v vlg57/_w.bin 1545219078
MO NPC NULL NPC.v vlg71/_n_p_c.bin 1545219078
MO EXT NULL EXT.v vlg49/_e_x_t.bin 1545219078
MO Ctr_D NULL Ctr_D.v vlg78/_ctr___d.bin 1545236850
MO GRF NULL GRF.v vlg4F/_g_r_f.bin 1545219078
MO Ctr_E NULL Ctr_E.v vlg79/_ctr___e.bin 1545236813
MO Ctr_F NULL Ctr_F.v vlg7A/_ctr___f.bin 1545138101
MO mips NULL mips.v vlg1D/mips.bin 1545219078
MO Ctr_M NULL Ctr_M.v vlg01/_ctr___m.bin 1545236643
MO Ctr_W NULL Ctr_W.v vlg0B/_ctr___w.bin 1545236767
MO ALU NULL ALU.v vlg2A/_a_l_u.bin 1545219078
MO decoder NULL decoder.v vlg02/decoder.bin 1545236850
MO ForwardUnit NULL ForwardUnit.v vlg65/_forward_unit.bin 1545219078
MO ADD4 NULL ADD4.v vlg69/_a_d_d4.bin 1545219078
MO STALL NULL STALL.v vlg48/_s_t_a_l_l.bin 1545219078
